==============================
Job ID: 17702733
Node: node029
Start: Mon Oct  5 14:17:20 CEST 2026
PWD: /proj/multipress/users/x_sebja/code_repository/scripts
==============================
Loaded file: /proj/multipress/users/x_sebja/code_repository/data/cfd_9mm/raw/cfd_9mm.npy
Dimensions: (28, 160560, 8) — 28 time steps
160560 spatial points per time step, and 8 variables per point
Columns 1-3: spatial coordinates (x, y, z)
column 4: time (t)
columns 5-7: velocity components (u, v, w)
column 8: pressure (p).

Saved figure: /proj/multipress/users/x_sebja/code_repository/outputs/cfd_9mm/figures/A_velocity_vectors_raw.png
Saved figure: /proj/multipress/users/x_sebja/code_repository/outputs/cfd_9mm/figures/B_pressure_panels.png
Number of points in the centerline: 203
Centerline shape: (203, 3)
Saved figure: /proj/multipress/users/x_sebja/code_repository/outputs/cfd_9mm/figures/C_segmentation_with_centerline.png
Saved figure: /proj/multipress/users/x_sebja/code_repository/outputs/cfd_9mm/figures/D_tubular_region.png
(28, 2710, 8)
Saved figure: /proj/multipress/users/x_sebja/code_repository/outputs/cfd_9mm/figures/E_tubular_region_velocity_panels.png
Saved tubular region data: /proj/multipress/users/x_sebja/code_repository/data/cfd_9mm/processed/tubular_region_0.002_cfd_9mm.npy
==============================
End: Mon Oct  5 14:17:34 CEST 2026
==============================
