==============================
Job ID: 17706446
Node: node065
Start: Tue Oct  6 10:28:39 CEST 2026
PWD: /proj/multipress/users/x_sebja/code_repository/scripts
==============================
==========================================================================================
Device:                  cuda
Run directory:           /proj/multipress/users/x_sebja/code_repository/outputs/cfd_9mm/velocity/seed_001
Best checkpoint:         /proj/multipress/users/x_sebja/code_repository/outputs/cfd_9mm/velocity/seed_001/checkpoints/best_velocity.pth
Best epoch:              95000
Best validation metric:  1.909574e-01
L=0.09, T=0.09, U=1.0, Re=20850.932, nu=4.316354e-06
==========================================================================================
Data shape:              (28, 2710, 8)
Flattened points:        75880
Batch size:              1500
Processed 1500/75880 points
Processed 16500/75880 points
Processed 31500/75880 points
Processed 46500/75880 points
Processed 61500/75880 points
Processed 75880/75880 points

Results saved in: /proj/multipress/users/x_sebja/code_repository/outputs/cfd_9mm/momentum_terms/seed_001
Data_acc_mks: shape=(28, 2710, 7), NaN=0, Inf=0, min=-5.947158e+01, max=7.116130e+01
Data_adv_mks: shape=(28, 2710, 7), NaN=0, Inf=0, min=-1.372799e+02, max=1.379376e+02
Data_visc_mks: shape=(28, 2710, 7), NaN=0, Inf=0, min=-1.912470e+00, max=1.673280e+00
Data_acc: shape=(28, 2710, 7), NaN=0, Inf=0, min=-5.352442e+00, max=6.404517e+00
Data_adv: shape=(28, 2710, 7), NaN=0, Inf=0, min=-1.235519e+01, max=1.241438e+01
Data_visc: shape=(28, 2710, 7), NaN=0, Inf=0, min=-1.721223e-01, max=1.505952e-01
==============================
End: Tue Oct  6 10:28:46 CEST 2026
==============================
